// Jest Snapshot v1, https://goo.gl/fbAQLP

exports[`Page admin tests: Get admin snapshot 1`] = `
<div>
  <section class="el-container is-vertical" style="border: 1px solid #eee;">
    <header class="el-header" style="height: 60px;">longlin_vuexdemo_CR(no U)D</header>
    <section class="el-container">
      <aside class="el-aside" style="width: 200px;">
        <div id="tasteTypes">Flavours</div>
        <transition-stub mode="out-in" class="el-menu-demo">
          <ul role="menubar" class="el-menu">
            <li role="menuitem" tabindex="-1" class="el-menu-item is-active" style="padding-left: 20px;">All</li>
          </ul>
        </transition-stub>
      </aside>
      <section class="el-container">
        <main class="el-main">
          <div class="el-table el-table--fit el-table--scrollable-x el-table--enable-row-hover" style="width: 100%;">
            <div class="hidden-columns">
              <div></div>
              <div></div>
              <div title="name" id="name"></div>
              <div></div>
              <div></div>
              <div></div>
              <div></div>
            </div>
            <div class="el-table__header-wrapper">
              <table cellspacing="0" cellpadding="0" border="0" class="el-table__header" style="width: 528px;">
                <colgroup>
                  <col name="el-table_1_column_1" width="48">
                  <col name="el-table_1_column_2" width="80">
                  <col name="el-table_1_column_3" width="80">
                  <col name="el-table_1_column_4" width="80">
                  <col name="el-table_1_column_5" width="80">
                  <col name="el-table_1_column_6" width="80">
                  <col name="el-table_1_column_7" width="80">
                </colgroup>
                <thead class="">
                  <tr class="">
                    <th colspan="1" rowspan="1" class="el-table_1_column_1   undefined el-table__expand-column  is-leaf el-table__cell">
                      <div class="cell"></div>
                    </th>
                    <th colspan="1" rowspan="1" class="el-table_1_column_2 descending    is-leaf is-sortable el-table__cell">
                      <div class="cell">Article ID<span class="caret-wrapper"><i class="sort-caret ascending"></i><i class="sort-caret descending"></i></span></div>
                    </th>
                    <th colspan="1" rowspan="1" class="el-table_1_column_3     is-leaf is-sortable el-table__cell">
                      <div class="cell">Name<span class="caret-wrapper"><i class="sort-caret ascending"></i><i class="sort-caret descending"></i></span></div>
                    </th>
                    <th colspan="1" rowspan="1" class="el-table_1_column_4     is-leaf is-sortable el-table__cell">
                      <div class="cell">Taste<span class="caret-wrapper"><i class="sort-caret ascending"></i><i class="sort-caret descending"></i></span></div>
                    </th>
                    <th colspan="1" rowspan="1" class="el-table_1_column_5     is-leaf is-sortable el-table__cell">
                      <div class="cell">Expires date<span class="caret-wrapper"><i class="sort-caret ascending"></i><i class="sort-caret descending"></i></span></div>
                    </th>
                    <th colspan="1" rowspan="1" class="el-table_1_column_6     is-leaf is-sortable el-table__cell">
                      <div class="cell">Price<span class="caret-wrapper"><i class="sort-caret ascending"></i><i class="sort-caret descending"></i></span></div>
                    </th>
                    <th colspan="1" rowspan="1" class="el-table_1_column_7  is-right   is-leaf el-table__cell">
                      <div class="cell">
                        <div class="el-input el-input--mini">
                          <!----><input type="text" autocomplete="off" placeholder="search..." class="el-input__inner">
                          <!---->
                          <!---->
                          <!---->
                          <!---->
                        </div>
                      </div>
                    </th>
                  </tr>
                </thead>
              </table>
            </div>
            <div class="el-table__body-wrapper is-scrolling-left">
              <table cellspacing="0" cellpadding="0" border="0" class="el-table__body" style="width: 528px;">
                <colgroup>
                  <col name="el-table_1_column_1" width="48">
                  <col name="el-table_1_column_2" width="80">
                  <col name="el-table_1_column_3" width="80">
                  <col name="el-table_1_column_4" width="80">
                  <col name="el-table_1_column_5" width="80">
                  <col name="el-table_1_column_6" width="80">
                  <col name="el-table_1_column_7" width="80">
                </colgroup>
                <tbody>
                  <!---->
                </tbody>
              </table>
              <div class="el-table__empty-block" style="height: 100%; width: 528px;"><span class="el-table__empty-text">暂无数据</span></div>
              <!---->
            </div>
            <!---->
            <!---->
            <!---->
            <!---->
            <div class="el-table__column-resize-proxy" style="display: none;"></div>
          </div>
          <!---->
          <header class="el-header" style="height: 60px; text-align: center; font-size: 12px; margin-top: 16px;"><button type="button" class="el-button el-button--primary is-round" id="createBtn">
              <!---->
              <!----><span>Create Article</span>
            </button></header>
        </main>
      </section>
    </section>
  </section>
</div>
`;
